// Jest Snapshot v1, https://goo.gl/fbAQLP

exports[`NavBar should have a tag and nav tag inside NavBar 1`] = `
<nav
  className="navbar navbar-light bg-light text-center"
>
  <a
    className="navbar-brand"
    href="/#"
  >
    Aesop
  </a>
</nav>
`;

exports[`NavBar should render without error 1`] = `
<nav
  className="navbar navbar-light bg-light text-center"
>
  <a
    className="navbar-brand"
    href="/#"
  >
    Aesop
  </a>
</nav>
`;
